# Bad spawns : 16/07/2025 16:43:37
# Format: X Y Z F Name

1132	2220	66	Felucca	StealablePlateOfCookies
1473	1608	26	Felucca	StealableEmptyBasin
1473	1608	26	Felucca	StealableWaterBasin
2996	3427	21	Felucca	StealableRareBandage
1129	2238	40	Felucca	StealableWaterBucket
1138	2238	40	Felucca	StealableWaterBucket
399	1216	0	Felucca	StealableBookcase
626	1152	0	Felucca	StealableLogPile
2653	2192	4	Felucca	PDMetalChest
2524	386	15	Felucca	StealableDung
3048	3371	21	Felucca	StealableArrowStack
2652	2192	4	Felucca	PDMetalChest
559	1023	0	Felucca	StealableStump
2651	2192	4	Felucca	PDMetalChest
4648	1222	0	Felucca	StealableRedDresser
2257	1216	0	Felucca	StealableDresser
2907	714	0	Felucca	RaresArtist
2907	708	0	Felucca	RaresArtist
4523	1066	0	Felucca	RaresArtist
4414	1136	6	Felucca	HSMetalBox
4530	1059	0	Felucca	RaresArtist
4523	1059	0	Felucca	RaresArtist
1447	1664	10	Felucca	RaresArtist
1849	2797	-2	Felucca	ProvisionersMetalBox
1849	2797	-2	Felucca	ProvisionersMetalBox
833	2351	0	Felucca	StealableScareCrow
1239	2568	0	Felucca	StealableOrfluer
5732	93	0	Felucca	StealableEmptyJars
5576	1829	6	Felucca	StealableBurningCandle
5582	1829	6	Felucca	StealableBurningCandle
581	2227	6	Felucca	ProvisionersMetalBox
3657	2506	0	Felucca	StealableFullJarsX2
286	986	6	Felucca	StealableBasketOfFruit
3007	3386	21	Felucca	ProvisionersMetalBox
3787	1121	26	Felucca	StealableBasketOfFruit
3683	2204	31	Felucca	StealableBasketOfFruit
1135	2220	46	Felucca	StealableBasketOfFruit
1132	2220	66	Felucca	StealableBasketOfFruit
4412	1060	6	Felucca	ProvisionersMetalBox
2636	2081	16	Felucca	StealableBasketOfFruit
5999	3773	22	Felucca	StealableHaySheaf
2683	2056	17	Felucca	StealableRock2
5191	587	0	Felucca	StealableSealedBarrel
5511	3116	-4	Felucca	StealableRock4
1444	3800	6	Felucca	ProvisionersMetalBox
635	2154	6	Felucca	StealableChisel
1436	3824	6	Felucca	StealableChisel
2217	1197	6	Felucca	ProvisionersMetalBox
857	1676	6	Felucca	StealableWaxKettle
857	1676	6	Felucca	StealableWaxPot
2730	2249	6	Felucca	ProvisionersMetalBox
857	1676	6	Felucca	StealableWaxKettle
857	1676	6	Felucca	StealableWaxPot
1132	2220	66	Felucca	StealablePlateOfCookies
60	90	0	Felucca	StealableWhip
635	2154	6	Felucca	StealableChisel
1436	3824	6	Felucca	StealableChisel
5191	587	0	Felucca	StealableSealedBarrel
5511	3116	-4	Felucca	StealableRock4
2683	2056	17	Felucca	StealableRock2
5999	3773	22	Felucca	StealableHaySheaf
2636	2081	16	Felucca	StealableBasketOfFruit
1135	2220	46	Felucca	StealableBasketOfFruit
1132	2220	66	Felucca	StealableBasketOfFruit
3683	2204	31	Felucca	StealableBasketOfFruit
3787	1121	26	Felucca	StealableBasketOfFruit
286	986	6	Felucca	StealableBasketOfFruit
3657	2506	0	Felucca	StealableFullJarsX2
5582	1829	6	Felucca	StealableBurningCandle
5576	1829	6	Felucca	StealableBurningCandle
1138	2238	40	Felucca	StealableWaterBucket
1129	2238	40	Felucca	StealableWaterBucket
2996	3427	21	Felucca	StealableRareBandage
1473	1608	26	Felucca	StealableEmptyBasin
1473	1608	26	Felucca	StealableWaterBasin
60	90	0	Felucca	StealablePenAndInk
60	90	0	Felucca	StealableTarot1
60	90	0	Felucca	StealableTarot2
60	90	0	Felucca	StealableTarot3
60	90	0	Felucca	StealableTarotDeck
60	90	0	Felucca	StealableTarot1
60	90	0	Felucca	StealableTarot2
60	90	0	Felucca	StealableTarot3
60	90	0	Felucca	StealableTarotDeck
60	90	0	Felucca	StealableTarot1
60	90	0	Felucca	StealableTarot2
60	90	0	Felucca	StealableTarot3
60	90	0	Felucca	StealableTarotDeck
399	1216	0	Felucca	StealableBookcase
833	2351	0	Felucca	StealableScareCrow
1239	2568	0	Felucca	StealableOrfluer
5732	93	0	Felucca	StealableEmptyJars
2257	1216	0	Felucca	StealableDresser
4648	1222	0	Felucca	StealableRedDresser
559	1023	0	Felucca	StealableStump
2524	386	15	Felucca	StealableDung
3048	3371	21	Felucca	StealableArrowStack
626	1152	0	Felucca	StealableLogPile
2653	2192	4	Felucca	PDMetalChest
2652	2192	4	Felucca	PDMetalChest
2651	2192	4	Felucca	PDMetalChest
60	90	0	Felucca	StealableIronWire
60	90	0	Felucca	StealableSilverWire
60	90	0	Felucca	StealableGoldWire
60	90	0	Felucca	StealableCopperWire
60	90	0	Felucca	StealableIronWire
60	90	0	Felucca	StealableSilverWire
60	90	0	Felucca	StealableGoldWire
60	90	0	Felucca	StealableCopperWire
1447	1664	10	Felucca	RaresArtist
4523	1059	0	Felucca	RaresArtist
4530	1059	0	Felucca	RaresArtist
4523	1066	0	Felucca	RaresArtist
2907	708	0	Felucca	RaresArtist
2907	714	0	Felucca	RaresArtist
60	90	0	Felucca	StealableGreenDriedFlowers
60	90	0	Felucca	StealableWhiteDriedFlowers
60	90	0	Felucca	StealableWhiteDriedFlowers
60	90	0	Felucca	StealableGreenDriedFlowers
4414	1136	6	Felucca	HSMetalBox
1849	2797	-2	Felucca	ProvisionersMetalBox
60	90	0	Felucca	StealableBananas
60	90	0	Felucca	StealableCheeseWedge
60	90	0	Felucca	StealableLemons
60	90	0	Felucca	StealableLimes
60	90	0	Felucca	StealableBaconSlab
1849	2797	-2	Felucca	ProvisionersMetalBox
60	90	0	Felucca	StealableBananas
60	90	0	Felucca	StealableCheeseWedge
60	90	0	Felucca	StealableLemons
60	90	0	Felucca	StealableLimes
60	90	0	Felucca	StealableBaconSlab
60	90	0	Felucca	StealableBananas
60	90	0	Felucca	StealableCheeseWedge
60	90	0	Felucca	StealableLemons
60	90	0	Felucca	StealableLimes
60	90	0	Felucca	StealableBaconSlab
4412	1060	6	Felucca	ProvisionersMetalBox
60	90	0	Felucca	StealableBananas
60	90	0	Felucca	StealableCheeseWedge
60	90	0	Felucca	StealableLemons
60	90	0	Felucca	StealableLimes
60	90	0	Felucca	StealableBaconSlab
60	90	0	Felucca	StealableBananas
60	90	0	Felucca	StealableCheeseWedge
60	90	0	Felucca	StealableLemons
60	90	0	Felucca	StealableLimes
60	90	0	Felucca	StealableBaconSlab
60	90	0	Felucca	StealableBananas
60	90	0	Felucca	StealableCheeseWedge
60	90	0	Felucca	StealableLemons
60	90	0	Felucca	StealableLimes
60	90	0	Felucca	StealableBaconSlab
1444	3800	6	Felucca	ProvisionersMetalBox
2217	1197	6	Felucca	ProvisionersMetalBox
60	90	0	Felucca	StealableBananas
60	90	0	Felucca	StealableCheeseWedge
60	90	0	Felucca	StealableLemons
60	90	0	Felucca	StealableLimes
60	90	0	Felucca	StealableBaconSlab
60	90	0	Felucca	StealableBananas
60	90	0	Felucca	StealableCheeseWedge
60	90	0	Felucca	StealableLemons
60	90	0	Felucca	StealableLimes
60	90	0	Felucca	StealableBaconSlab
2730	2249	6	Felucca	ProvisionersMetalBox
60	90	0	Felucca	StealableBananas
60	90	0	Felucca	StealableCheeseWedge
60	90	0	Felucca	StealableLemons
60	90	0	Felucca	StealableLimes
60	90	0	Felucca	StealableBaconSlab
60	90	0	Felucca	StealableBananas
60	90	0	Felucca	StealableCheeseWedge
60	90	0	Felucca	StealableLemons
60	90	0	Felucca	StealableLimes
60	90	0	Felucca	StealableBaconSlab
1468	1671	6	Felucca	ProvisionersMetalBox
60	90	0	Felucca	StealableBananas
60	90	0	Felucca	StealableCheeseWedge
60	90	0	Felucca	StealableLemons
60	90	0	Felucca	StealableLimes
60	90	0	Felucca	StealableBaconSlab
581	2227	6	Felucca	ProvisionersMetalBox
3007	3386	21	Felucca	ProvisionersMetalBox
1468	1671	6	Felucca	ProvisionersMetalBox
60	90	0	Felucca	StealableBananas
60	90	0	Felucca	StealableCheeseWedge
60	90	0	Felucca	StealableLemons
60	90	0	Felucca	StealableLimes
60	90	0	Felucca	StealableBaconSlab
60	90	0	Felucca	StealableBananas
60	90	0	Felucca	StealableCheeseWedge
60	90	0	Felucca	StealableLemons
60	90	0	Felucca	StealableLimes
60	90	0	Felucca	StealableBaconSlab
60	90	0	Felucca	StealableBananas
60	90	0	Felucca	StealableCheeseWedge
60	90	0	Felucca	StealableLemons
60	90	0	Felucca	StealableLimes
60	90	0	Felucca	StealableBaconSlab
60	90	0	Felucca	StealableRope


# Bad spawns : 16/07/2025 16:45:15
# Format: X Y Z F Name

5347	75	25	Felucca	waitress


